---
source: norcina-cube3/src/mov/mod.rs
expression: "Cube::SOLVED.mov_single(mov)"
---
      [38;2;79;123;212mâ–ˆâ–ˆ[39m[38;2;79;123;212mâ–ˆâ–ˆ[39m[38;2;79;123;212mâ–ˆâ–ˆ[39m
      [38;2;79;123;212mâ–ˆâ–ˆ[39m[38;2;79;123;212mâ–ˆâ–ˆ[39m[38;2;79;123;212mâ–ˆâ–ˆ[39m
      [38;2;79;123;212mâ–ˆâ–ˆ[39m[38;2;79;123;212mâ–ˆâ–ˆ[39m[38;2;79;123;212mâ–ˆâ–ˆ[39m
      [38;2;250;250;250mâ–ˆâ–ˆ[39m[38;2;250;250;250mâ–ˆâ–ˆ[39m[38;2;250;250;250mâ–ˆâ–ˆ[39m
      [38;2;250;250;250mâ–ˆâ–ˆ[39m[38;2;250;250;250mâ–ˆâ–ˆ[39m[38;2;250;250;250mâ–ˆâ–ˆ[39m
      [38;2;255;224;0mâ–ˆâ–ˆ[39m[38;2;255;224;0mâ–ˆâ–ˆ[39m[38;2;255;224;0mâ–ˆâ–ˆ[39m
[38;2;255;153;12mâ–ˆâ–ˆ[39m[38;2;255;153;12mâ–ˆâ–ˆ[39m[38;2;217;39;39mâ–ˆâ–ˆ[39m[38;2;109;242;116mâ–ˆâ–ˆ[39m[38;2;109;242;116mâ–ˆâ–ˆ[39m[38;2;109;242;116mâ–ˆâ–ˆ[39m[38;2;255;153;12mâ–ˆâ–ˆ[39m[38;2;217;39;39mâ–ˆâ–ˆ[39m[38;2;217;39;39mâ–ˆâ–ˆ[39m
[38;2;255;153;12mâ–ˆâ–ˆ[39m[38;2;255;153;12mâ–ˆâ–ˆ[39m[38;2;217;39;39mâ–ˆâ–ˆ[39m[38;2;109;242;116mâ–ˆâ–ˆ[39m[38;2;109;242;116mâ–ˆâ–ˆ[39m[38;2;109;242;116mâ–ˆâ–ˆ[39m[38;2;255;153;12mâ–ˆâ–ˆ[39m[38;2;217;39;39mâ–ˆâ–ˆ[39m[38;2;217;39;39mâ–ˆâ–ˆ[39m
[38;2;255;153;12mâ–ˆâ–ˆ[39m[38;2;255;153;12mâ–ˆâ–ˆ[39m[38;2;217;39;39mâ–ˆâ–ˆ[39m[38;2;109;242;116mâ–ˆâ–ˆ[39m[38;2;109;242;116mâ–ˆâ–ˆ[39m[38;2;109;242;116mâ–ˆâ–ˆ[39m[38;2;255;153;12mâ–ˆâ–ˆ[39m[38;2;217;39;39mâ–ˆâ–ˆ[39m[38;2;217;39;39mâ–ˆâ–ˆ[39m
      [38;2;250;250;250mâ–ˆâ–ˆ[39m[38;2;250;250;250mâ–ˆâ–ˆ[39m[38;2;250;250;250mâ–ˆâ–ˆ[39m
      [38;2;255;224;0mâ–ˆâ–ˆ[39m[38;2;255;224;0mâ–ˆâ–ˆ[39m[38;2;255;224;0mâ–ˆâ–ˆ[39m
      [38;2;255;224;0mâ–ˆâ–ˆ[39m[38;2;255;224;0mâ–ˆâ–ˆ[39m[38;2;255;224;0mâ–ˆâ–ˆ[39m
