---
source: norcina-pyraminx/src/lib.rs
expression: "Pyraminx::SOLVED.mov([mov])"
---
[38;2;214;59;39mâ–ˆâ–ˆ[39m[38;2;214;59;39mâ–ˆâ–ˆ[39m[38;2;214;59;39mâ–ˆâ–ˆ[39m[38;2;214;59;39mâ–ˆâ–ˆ[39m[38;2;214;59;39mâ–ˆâ–ˆ[39m  [38;2;39;214;95mâ–ˆâ–ˆ[39m  [38;2;23;125;235mâ–ˆâ–ˆ[39m[38;2;23;125;235mâ–ˆâ–ˆ[39m[38;2;23;125;235mâ–ˆâ–ˆ[39m[38;2;23;125;235mâ–ˆâ–ˆ[39m[38;2;23;125;235mâ–ˆâ–ˆ[39m
  [38;2;214;59;39mâ–ˆâ–ˆ[39m[38;2;214;59;39mâ–ˆâ–ˆ[39m[38;2;214;59;39mâ–ˆâ–ˆ[39m  [38;2;39;214;95mâ–ˆâ–ˆ[39m[38;2;39;214;95mâ–ˆâ–ˆ[39m[38;2;39;214;95mâ–ˆâ–ˆ[39m  [38;2;23;125;235mâ–ˆâ–ˆ[39m[38;2;23;125;235mâ–ˆâ–ˆ[39m[38;2;23;125;235mâ–ˆâ–ˆ[39m
    [38;2;235;231;23mâ–ˆâ–ˆ[39m  [38;2;214;59;39mâ–ˆâ–ˆ[39m[38;2;39;214;95mâ–ˆâ–ˆ[39m[38;2;39;214;95mâ–ˆâ–ˆ[39m[38;2;39;214;95mâ–ˆâ–ˆ[39m[38;2;39;214;95mâ–ˆâ–ˆ[39m  [38;2;23;125;235mâ–ˆâ–ˆ[39m
        [38;2;39;214;95mâ–ˆâ–ˆ[39m[38;2;235;231;23mâ–ˆâ–ˆ[39m[38;2;235;231;23mâ–ˆâ–ˆ[39m[38;2;235;231;23mâ–ˆâ–ˆ[39m[38;2;235;231;23mâ–ˆâ–ˆ[39m
          [38;2;235;231;23mâ–ˆâ–ˆ[39m[38;2;235;231;23mâ–ˆâ–ˆ[39m[38;2;235;231;23mâ–ˆâ–ˆ[39m
            [38;2;235;231;23mâ–ˆâ–ˆ[39m
